/Users/aayush/Documents/shahaayush1999/hp-laserjet-1020-plus-macos/open-firmware/usb-printer-class/hp1020_usb_printer.c:19:13:invalidate_reset	0	static
/Users/aayush/Documents/shahaayush1999/hp-laserjet-1020-plus-macos/open-firmware/usb-printer-class/hp1020_usb_printer.c:37:35:check_reset	32	static
/Users/aayush/Documents/shahaayush1999/hp-laserjet-1020-plus-macos/open-firmware/usb-printer-class/hp1020_usb_printer.c:57:28:hp1020_usb_printer_init	16	static
/Users/aayush/Documents/shahaayush1999/hp-laserjet-1020-plus-macos/open-firmware/usb-printer-class/hp1020_usb_printer.c:79:28:hp1020_usb_printer_setup	16	static
/Users/aayush/Documents/shahaayush1999/hp-laserjet-1020-plus-macos/open-firmware/usb-printer-class/hp1020_usb_printer.c:144:28:hp1020_usb_printer_pending_reset	0	static
/Users/aayush/Documents/shahaayush1999/hp-laserjet-1020-plus-macos/open-firmware/usb-printer-class/hp1020_usb_printer.c:157:28:hp1020_usb_printer_ack_reset	48	static
/Users/aayush/Documents/shahaayush1999/hp-laserjet-1020-plus-macos/open-firmware/usb-printer-class/hp1020_usb_printer.c:187:28:hp1020_usb_printer_finish_reset	32	static
/Users/aayush/Documents/shahaayush1999/hp-laserjet-1020-plus-macos/open-firmware/usb-printer-class/hp1020_usb_printer.c:213:28:hp1020_usb_printer_take_response	0	static
/Users/aayush/Documents/shahaayush1999/hp-laserjet-1020-plus-macos/open-firmware/usb-printer-class/hp1020_usb_printer.c:256:28:hp1020_usb_printer_ep0_quiesced	0	static
/Users/aayush/Documents/shahaayush1999/hp-laserjet-1020-plus-macos/open-firmware/usb-printer-class/hp1020_usb_printer.c:268:28:hp1020_usb_printer_fault	16	static
